// Vitest Snapshot v1, https://vitest.dev/guide/snapshot.html

exports[`RecuPaiement renders Inscription label when allocation maps to modalite 1 1`] = `"<div class="bg-white p-4 rounded-md shadow-sm max-w-lg mx-auto border border-gray-200 print:max-w-full print:shadow-none print:border-0 font-sans receipt-compact print-compact print:mb-8 mb-4"><div class="flex items-center justify-between mb-2"><div class="flex items-center space-x-2"><div class="h-16 w-16 bg-gray-200 rounded flex items-center justify-center text-xs text-gray-600">Logo</div><div class="text-xs text-gray-700 font-semibold leading-tight"><div>GROUPE SCOLAIRE BAPTISTE MISSIONNAIRE DE KOUMASSI CENTRE</div><div class="text-[11px] text-gray-500">Année scolaire : <span class="font-bold">2025-2026</span></div></div></div><div class="text-xs text-gray-600 text-right"><div class="font-bold">N° Reçu : <span class="text-black">RECTEST123</span></div><div>Date : 13/09/2025</div></div></div><div class="flex justify-end mb-2 space-x-2"><button type="button" class="inline-flex items-center px-3 py-1 text-sm font-medium text-white bg-teal-600 hover:bg-teal-700 rounded">Aperçu PDF</button><button type="button" title="Imprimer 2 reçus par page" class="inline-flex items-center px-3 py-1 text-sm font-medium text-white bg-gray-600 hover:bg-gray-700 rounded">Aperçu (2 par page)</button></div><h2 class="text-lg font-extrabold text-center mb-1 mt-1 tracking-wide text-teal-700">REÇU DE PAIEMENT</h2><div class="mb-3 text-sm text-gray-700 grid grid-cols-2 gap-x-3 gap-y-1"><div><span class="font-bold">Élève :</span> <span class="font-semibold">Oulobo Elmas Tresor</span></div><div><span class="font-bold">Matricule :</span> <span class="font-semibold">250002</span></div><div><span class="font-bold">Classe :</span> <span class="font-semibold">CP1 A</span></div><div><span class="font-bold">Opérateur :</span> <span class="font-semibold">Mme POUPOUYA</span></div><div class="col-span-2 text-sm text-gray-700"><span class="font-semibold">Parents :</span> P:  • M:</div></div><table class="w-full text-sm border border-gray-200 mb-3 rounded overflow-hidden"><thead><tr class="bg-gray-100 text-gray-700"><th class="border px-2 py-1 text-left">Modalité</th><th class="border px-2 py-1 text-right">Montant réglé</th><th class="border px-2 py-1 text-right">Montant attendu</th><th class="border px-2 py-1 text-right">Reste</th><th class="border px-2 py-1 text-right">Date / Heure</th></tr></thead><tbody><tr class="text-center"><td class="border px-2 py-1 font-semibold text-left">Inscription</td><td class="border px-2 py-1 text-right font-extrabold text-teal-700">35 000 FCFA</td><td class="border px-2 py-1 text-right">0 FCFA</td><td class="border px-2 py-1 text-right font-extrabold text-red-600">0 FCFA</td><td class="border px-2 py-1 text-right">13/09/2025 07:06:45</td></tr></tbody></table><div class="text-sm mb-2 border-t pt-2"><div class="w-full flex items-start gap-4"><div class="min-w-[280px] text-sm text-gray-700"><div class="space-y-1"><div class="flex justify-between"><div>Montant réglé (aujourd&#x27;hui) :</div><div class="font-bold">35 000 FCFA</div></div><div class="flex justify-between"><div>Cumul réglé :</div><div>35 000 FCFA</div></div><div class="flex justify-between"><div>Total attendu :</div><div>0 FCFA</div></div><div class="flex justify-between"><div>Reste à payer :</div><div class="font-bold text-red-600">0 FCFA</div></div></div><div class="mt-2 text-xs text-gray-500">Mode: Espèces · Imprimé le 13/09/2025 à 07:06:45</div></div><div class="flex-1 flex items-end justify-end"><div class="text-sm font-semibold text-teal-700">Merci pour ce paiement.</div></div></div></div></div>"`;
